// Jest Snapshot v1, https://goo.gl/fbAQLP

exports[`renders a container from an RSS feed 1`] = `"<section><div class=\\"blogTitle\\"><h1>Blog Name - Medium</h1><p>Blog Description - Medium</p></div><article class=\\"\\"><h2><a href=\\"https://medium.com/compass-true-north/working-with-aws-agent-feedback-to-build-a-better-product-c3009b6e6184?source=rss----2a2f97cb73e3---4\\">Working with AWS &amp; Agent Feedback to build a better product</a></h2><p>By </p><p></p><footer>Published <time dateTime=\\"Mon, 08 Oct 2018 14:55:35 GMT\\">2018-10-8</time>  • Updated at <time dateTime=\\"\\">Invalid Date</time></footer></article></section>"`;
